﻿[36mvite v8.0.3 [32mbuilding client environment for production...[36m[39m
[2K
node.exe : 
At C:\Program Files\nodejs\npx.ps1:29 char:3
+   & $NODE_EXE $NPX_CLI_JS $args
+   ~~~~~~~~~~~~~~~~~~~~~~~~~~~~~
    + CategoryInfo          : NotSpecified: (:String) [], RemoteException
    + FullyQualifiedErrorId : NativeCommandError
 
%23noiseFilter referenced in %23noiseFilter didn't resolve at build time, it 
will remain unchanged to be resolved at runtime
transforming...Γ£ô 2863 modules transformed.
[31mΓ£ù[39m Build failed in 1.31s
[31merror during build:
[31mBuild failed with 1 error:

[plugin vite:css-post]
SyntaxError: [lightningcss minify] Unexpected token Delim('%')
1  |  /*! tailwindcss v4.2.2 | MIT License | https://tailwindcss.com */
2  |  ...%3E%3Crect width=\"100%25\" height=\"100%25\" 
filter=\"url("%23noiseFilter")\"/%3E%3C/svg%3E");position:absolute;i...
   |                                                                 ^
    at Module.<anonymous> (D:\Web Development\DigitalHeroesProject\fairshare\node
_modules\lightningcss\node\index.js:56:14)
    at minifyCSS (file:///D:/Web%20Development/DigitalHeroesProject/fairshare/nod
e_modules/vite/dist/node/chunks/node.js:21202:59)
    at async finalizeCss (file:///D:/Web%20Development/DigitalHeroesProject/fairs
hare/node_modules/vite/dist/node/chunks/node.js:21048:36)
    at async Promise.all (index 1)
    at async Object.run (file:///D:/Web%20Development/DigitalHeroesProject/fairsh
are/node_modules/vite/dist/node/chunks/node.js:2436:22)
    at async PluginContextImpl.renderChunk (file:///D:/Web%20Development/DigitalH
eroesProject/fairshare/node_modules/vite/dist/node/chunks/node.js:20587:19)
    at async plugin (file:///D:/Web%20Development/DigitalHeroesProject/fairshare/
node_modules/rolldown/dist/shared/bindingify-input-options-e7ze4hPR.mjs:1234:16)
    at async plugin.<computed> (file:///D:/Web%20Development/DigitalHeroesProject
/fairshare/node_modules/rolldown/dist/shared/bindingify-input-options-e7ze4hPR.mj
s:1593:12)[31m
    at aggregateBindingErrorsIntoJsError (file:///D:/Web%20Development/DigitalHer
oesProject/fairshare/node_modules/rolldown/dist/shared/error-BLhcSyeg.mjs:48:18)
    at unwrapBindingResult (file:///D:/Web%20Development/DigitalHeroesProject/fai
rshare/node_modules/rolldown/dist/shared/error-BLhcSyeg.mjs:18:128)
    at #build (file:///D:/Web%20Development/DigitalHeroesProject/fairshare/node_m
odules/rolldown/dist/shared/rolldown-build-CPrIX9V6.mjs:3313:34)
    at async buildEnvironment (file:///D:/Web%20Development/DigitalHeroesProject/
fairshare/node_modules/vite/dist/node/chunks/node.js:32849:64)
    at async Object.build (file:///D:/Web%20Development/DigitalHeroesProject/fair
share/node_modules/vite/dist/node/chunks/node.js:33271:19)
    at async Object.buildApp (file:///D:/Web%20Development/DigitalHeroesProject/f
airshare/node_modules/vite/dist/node/chunks/node.js:33268:153)
    at async CAC.<anonymous> (file:///D:/Web%20Development/DigitalHeroesProject/f
airshare/node_modules/vite/dist/node/cli.js:778:3) {
  errors: [Getter/Setter]
}[39m
